Please enter initial arrangement of books followed by newline:
ERROR: Heights must be specified in non-decreasing order.
Exiting Program.
