Please enter initial arrangement of books followed by newline:
[1] 0 0
Type pick <index> or put <height> followed by newline. Type end to exit.
ERROR: Entered pick operation is invalid on this shelf.
Exiting Program.
