Please enter initial arrangement of books followed by newline:
[] 0 0
Type pick <index> or put <height> followed by newline. Type end to exit.
[1] 1 1
[1, 10] 1 2
[1, 5, 10] 3 5
[1, 5, 8, 10] 3 8
[1, 8, 10] 3 11
Exiting Program.
