Please enter initial arrangement of books followed by newline:
ERROR: Height of a book must be positive.
Exiting Program.
