Please enter initial arrangement of books followed by newline:
[1, 5, 8] 0 0
Type pick <index> or put <height> followed by newline. Type end to exit.
[1, 5, 8, 10] 1 1
[1, 5, 6, 8, 10] 5 6
[1, 4, 5, 6, 8, 10] 3 9
[1, 4, 5, 8, 10] 5 14
Exiting Program.
